<html>
<body>
<pre>
<h1>礦ision Build Log</h1>
<h2>Tool Versions:</h2>
IDE-Version: μVision V5.14.0.0
Copyright (C) 2015 ARM Ltd and ARM Germany GmbH. All rights reserved.
License Information: A jishe, A, LIC=BUUUH-WPVLJ-DYRV3-ADKSJ-RK7DR-UMBXQ
 
Tool Versions:
Toolchain:       MDK-ARM Standard  Version: 5.14.0.0
Toolchain Path:  C:\Program Files\Keil MDK514\ARM\ARMCC\Bin
C Compiler:      Armcc.exe V5.05 update 1 (build 106)
Assembler:       Armasm.exe V5.05 update 1 (build 106)
Linker/Locator:  ArmLink.exe V5.05 update 1 (build 106)
Library Manager: ArmAr.exe V5.05 update 1 (build 106)
Hex Converter:   FromElf.exe V5.05 update 1 (build 106)
CPU DLL:         SARM.DLL V5.14.0.0
Dialog DLL:      DARMP.DLL V1.51
Target DLL:      UL2ARM.DLL V1.74.5.0
Dialog DLL:      TARMP.DLL V1.51
 
<h2>Project:</h2>
G:\2016年-12\xpu\纺院\毕业设计\2016\ARM教程\时代机器教程\lesson1_IO口\程序\1个io\IO.uvproj
Project File Date:  05/09/2016

<h2>Output:</h2>
Rebuild target 'Target 1'
assembling Startup.s...
compiling IO.c...
compiling delay.c...
linking...
Program Size: Code=840 RO-data=16 RW-data=0 ZI-data=1256  
FromELF: creating hex file...
".\IO.axf" - 0 Error(s), 0 Warning(s).
</pre>
</body>
</html>
